// Jest Snapshot v1, https://goo.gl/fbAQLP

exports[`captains-log 2. captains-log: 2. captains-log 1`] = `

var output = paragraph + "one"+

'paragraph' + \`\\two\`

      ↓ ↓ ↓ ↓ ↓ ↓

var output = paragraph + 'one' + 'paragraph' + \`\\two\`;

`;
